[2026-05-25T03:19:17.510916+00:00] Starting search
  Databases: openalex, semantic_scholar
  Journals:  0
  Years:     2020–2026
  Queries:   1 (Scopus/WoS)
  Blocks:    A=8 terms, B=6 terms (OpenAlex/S2)

── openalex ──
  OpenAlex block_a: Traceback (most recent call last):
  File "/home/user/paper/scripts/pipelines/search.py", line 277, in <module>
    sys.exit(main())
             ^^^^^^
  File "/home/user/paper/scripts/pipelines/search.py", line 202, in main
    rows = source.run(cfg, ctx)
           ^^^^^^^^^^^^^^^^^^^^
  File "/home/user/paper/scripts/pipelines/searchers/openalex.py", line 41, in run
    works = self._fetch_all(query, filter_str, ctx.mailto)
            ^^^^^^^^^^^^^^^^^^^^^^^^^^^^^^^^^^^^^^^^^^^^^^
  File "/home/user/paper/scripts/pipelines/searchers/openalex.py", line 61, in _fetch_all
    data = self._fetch_page(query, filter_str, page, mailto)
           ^^^^^^^^^^^^^^^^^^^^^^^^^^^^^^^^^^^^^^^^^^^^^^^^^
  File "/home/user/paper/scripts/pipelines/searchers/openalex.py", line 91, in _fetch_page
    resp.raise_for_status()
  File "/root/.cache/uv/environments-v2/search-a635edb0437cc722/lib/python3.11/site-packages/requests/models.py", line 1167, in raise_for_status
    raise HTTPError(http_error_msg, response=self)
requests.exceptions.HTTPError: 403 Client Error: Forbidden for url: https://api.openalex.org/works?search=%22long+COVID%22+OR+%22post-acute+sequelae+SARS-CoV-2%22+OR+%22PASC%22+OR+%22post-COVID+syndrome%22+OR+%22brain+fog+COVID%22+OR+%22post-exertional+malaise+COVID%22+OR+%22dysautonomia+COVID%22+OR+%22cognitive+dysfunction+long+COVID%22&filter=publication_year%3A2020-2026%2Ctype%3Aarticle&page=1&per_page=200&select=id%2Cdoi%2Ctitle%2Cpublication_year%2Cpublication_date%2Ccited_by_count%2Ctype%2Cauthorships%2Cprimary_location%2Copen_access%2Cabstract_inverted_index&mailto=your_email%40institution.edu
